[debug] [2026-09-11T20:40:17.591Z] ----------------------------------------------------------------------
[debug] [2026-09-11T20:40:17.594Z] Command:       /usr/local/bin/node /usr/local/bin/firebase deploy --only hosting --project gen-lang-client-0105157707
[debug] [2026-09-11T20:40:17.595Z] CLI Version:   15.29.0
[debug] [2026-09-11T20:40:17.595Z] Platform:      linux
[debug] [2026-09-11T20:40:17.595Z] Node Version:  v22.23.2
[debug] [2026-09-11T20:40:17.596Z] Detected Agent: unknown
[debug] [2026-09-11T20:40:17.596Z] Time:          Fri Sep 11 2026 20:40:17 GMT+0000 (Coordinated Universal Time)
[debug] [2026-09-11T20:40:17.597Z] ----------------------------------------------------------------------
[debug] 
[debug] [2026-09-11T20:40:17.626Z] >>> [apiv2][query] GET https://firebase-public.firebaseio.com/cli.json [none]
[debug] [2026-09-11T20:40:23.168Z] > command requires scopes: ["email","openid","https://www.googleapis.com/auth/cloudplatformprojects.readonly","https://www.googleapis.com/auth/firebase","https://www.googleapis.com/auth/cloud-platform"]
[debug] [2026-09-11T20:40:23.219Z] Running auto auth
[debug] [2026-09-11T20:40:23.226Z] [iam] checking project gen-lang-client-0105157707 for permissions ["firebase.projects.get","firebasehosting.sites.update"]
[debug] [2026-09-11T20:40:23.227Z] No OAuth tokens found
[debug] [2026-09-11T20:40:23.227Z] >>> [apiv2][query] POST https://cloudresourcemanager.googleapis.com/v1/projects/gen-lang-client-0105157707:testIamPermissions [none]
[debug] [2026-09-11T20:40:23.228Z] >>> [apiv2][(partial)header] POST https://cloudresourcemanager.googleapis.com/v1/projects/gen-lang-client-0105157707:testIamPermissions  x-goog-user-project=gen-lang-client-0105157707
[debug] [2026-09-11T20:40:23.228Z] >>> [apiv2][body] POST https://cloudresourcemanager.googleapis.com/v1/projects/gen-lang-client-0105157707:testIamPermissions {"permissions":["firebase.projects.get","firebasehosting.sites.update"]}
[debug] [2026-09-11T20:40:23.400Z] <<< [apiv2][status] GET https://firebase-public.firebaseio.com/cli.json 200
[debug] [2026-09-11T20:40:23.401Z] <<< [apiv2][body] GET https://firebase-public.firebaseio.com/cli.json {"cloudBuildErrorAfter":1594252800000,"cloudBuildWarnAfter":1590019200000,"defaultNode10After":1594252800000,"minVersion":"3.0.5","node8DeploysDisabledAfter":1613390400000,"node8RuntimeDisabledAfter":1615809600000,"node8WarnAfter":1600128000000}
[debug] [2026-09-11T20:40:23.508Z] <<< [apiv2][status] POST https://cloudresourcemanager.googleapis.com/v1/projects/gen-lang-client-0105157707:testIamPermissions 403
[debug] [2026-09-11T20:40:23.509Z] <<< [apiv2][body] POST https://cloudresourcemanager.googleapis.com/v1/projects/gen-lang-client-0105157707:testIamPermissions {"error":{"code":403,"message":"Caller does not have required permission to use project gen-lang-client-0105157707. Grant the caller the roles/serviceusage.serviceUsageConsumer role, or a custom role with the serviceusage.services.use permission, by visiting https://console.developers.google.com/iam-admin/iam?project=gen-lang-client-0105157707 and then retry. Propagation of the new permission may take a few minutes.","status":"PERMISSION_DENIED","details":[{"@type":"type.googleapis.com/google.rpc.ErrorInfo","reason":"USER_PROJECT_DENIED","domain":"googleapis.com","metadata":{"consoleUrl":"https://console.developers.google.com/iam-admin/iam?project=gen-lang-client-0105157707","service":"cloudresourcemanager.googleapis.com","consumer":"projects/gen-lang-client-0105157707","containerInfo":"gen-lang-client-0105157707"}},{"@type":"type.googleapis.com/google.rpc.LocalizedMessage","locale":"en-US","message":"Caller does not have required permission to use project gen-lang-client-0105157707. Grant the caller the roles/serviceusage.serviceUsageConsumer role, or a custom role with the serviceusage.services.use permission, by visiting https://console.developers.google.com/iam-admin/iam?project=gen-lang-client-0105157707 and then retry. Propagation of the new permission may take a few minutes."},{"@type":"type.googleapis.com/google.rpc.Help","links":[{"description":"Google developer console IAM admin","url":"https://console.developers.google.com/iam-admin/iam?project=gen-lang-client-0105157707"}]}]}}
[debug] [2026-09-11T20:40:23.510Z] [iam] error while checking permissions, command may fail: Request to https://cloudresourcemanager.googleapis.com/v1/projects/gen-lang-client-0105157707:testIamPermissions had HTTP Error: 403, Caller does not have required permission to use project gen-lang-client-0105157707. Grant the caller the roles/serviceusage.serviceUsageConsumer role, or a custom role with the serviceusage.services.use permission, by visiting https://console.developers.google.com/iam-admin/iam?project=gen-lang-client-0105157707 and then retry. Propagation of the new permission may take a few minutes.
[debug] [2026-09-11T20:40:23.511Z] No OAuth tokens found
[debug] [2026-09-11T20:40:23.511Z] >>> [apiv2][query] GET https://firebase.googleapis.com/v1beta1/projects/gen-lang-client-0105157707 [none]
[debug] [2026-09-11T20:40:23.631Z] <<< [apiv2][status] GET https://firebase.googleapis.com/v1beta1/projects/gen-lang-client-0105157707 403
[debug] [2026-09-11T20:40:23.631Z] <<< [apiv2][body] GET https://firebase.googleapis.com/v1beta1/projects/gen-lang-client-0105157707 {"error":{"code":403,"message":"Firebase Management API has not been used in project 110937883528 before or it is disabled. Enable it by visiting https://console.developers.google.com/apis/api/firebase.googleapis.com/overview?project=110937883528 then retry. If you enabled this API recently, wait a few minutes for the action to propagate to our systems and retry.","status":"PERMISSION_DENIED","details":[{"@type":"type.googleapis.com/google.rpc.ErrorInfo","reason":"SERVICE_DISABLED","domain":"googleapis.com","metadata":{"serviceTitle":"Firebase Management API","containerInfo":"110937883528","activationUrl":"https://console.developers.google.com/apis/api/firebase.googleapis.com/overview?project=110937883528","consumer":"projects/110937883528","service":"firebase.googleapis.com"}},{"@type":"type.googleapis.com/google.rpc.LocalizedMessage","locale":"en-US","message":"Firebase Management API has not been used in project 110937883528 before or it is disabled. Enable it by visiting https://console.developers.google.com/apis/api/firebase.googleapis.com/overview?project=110937883528 then retry. If you enabled this API recently, wait a few minutes for the action to propagate to our systems and retry."},{"@type":"type.googleapis.com/google.rpc.Help","links":[{"description":"Google developers console API activation","url":"https://console.developers.google.com/apis/api/firebase.googleapis.com/overview?project=110937883528"}]}]}}
[debug] [2026-09-11T20:40:23.632Z] Request to https://firebase.googleapis.com/v1beta1/projects/gen-lang-client-0105157707 had HTTP Error: 403, Firebase Management API has not been used in project 110937883528 before or it is disabled. Enable it by visiting https://console.developers.google.com/apis/api/firebase.googleapis.com/overview?project=110937883528 then retry. If you enabled this API recently, wait a few minutes for the action to propagate to our systems and retry.
[debug] [2026-09-11T20:40:23.633Z] FirebaseError: Request to https://firebase.googleapis.com/v1beta1/projects/gen-lang-client-0105157707 had HTTP Error: 403, Firebase Management API has not been used in project 110937883528 before or it is disabled. Enable it by visiting https://console.developers.google.com/apis/api/firebase.googleapis.com/overview?project=110937883528 then retry. If you enabled this API recently, wait a few minutes for the action to propagate to our systems and retry.
    at responseToError (/usr/local/lib/node_modules/firebase-tools/lib/responseToError.js:53:12)
    at RetryOperation._fn (/usr/local/lib/node_modules/firebase-tools/lib/apiv2.js:415:77)
    at process.processTicksAndRejections (node:internal/process/task_queues:103:5)
[error] 
[error] Error: Failed to get Firebase project gen-lang-client-0105157707. Please make sure the project exists and your account has permission to access it.
